// Jest Snapshot v1, https://goo.gl/fbAQLP

exports[`BlockContent Prints a paragraph 1`] = `
<div>
  <div>
    <p
      class="noms"
    >
      <em>
        First
      </em>
    </p>
    <p>
      <em>
        Second
      </em>
    </p>
  </div>
</div>
`;

exports[`BlockContent renders 1`] = `
<div>
  <div>
    <p
      class="noms"
    >
      <em>
        First
      </em>
    </p>
    <p>
      <em>
        Second
      </em>
    </p>
  </div>
</div>
`;

exports[`BlockContent renders without crashing 1`] = `
<div>
  <div>
    <p
      class="noms"
    >
      <em>
        First
      </em>
    </p>
    <p>
      <em>
        Second
      </em>
    </p>
  </div>
</div>
`;

exports[`Thing renders without crashing 1`] = `
Object {
  "asFragment": [Function],
  "baseElement": <body>
    <div>
      <div>
        <p
          class="pretzels"
        >
          <em>
            First
          </em>
        </p>
        <p
          class="pretzels"
        >
          <em>
            Second
          </em>
        </p>
      </div>
    </div>
  </body>,
  "container": <div>
    <div>
      <p
        class="pretzels"
      >
        <em>
          First
        </em>
      </p>
      <p
        class="pretzels"
      >
        <em>
          Second
        </em>
      </p>
    </div>
  </div>,
  "debug": [Function],
  "findAllByAltText": [Function],
  "findAllByDisplayValue": [Function],
  "findAllByLabelText": [Function],
  "findAllByPlaceholderText": [Function],
  "findAllByRole": [Function],
  "findAllByTestId": [Function],
  "findAllByText": [Function],
  "findAllByTitle": [Function],
  "findByAltText": [Function],
  "findByDisplayValue": [Function],
  "findByLabelText": [Function],
  "findByPlaceholderText": [Function],
  "findByRole": [Function],
  "findByTestId": [Function],
  "findByText": [Function],
  "findByTitle": [Function],
  "getAllByAltText": [Function],
  "getAllByDisplayValue": [Function],
  "getAllByLabelText": [Function],
  "getAllByPlaceholderText": [Function],
  "getAllByRole": [Function],
  "getAllByTestId": [Function],
  "getAllByText": [Function],
  "getAllByTitle": [Function],
  "getByAltText": [Function],
  "getByDisplayValue": [Function],
  "getByLabelText": [Function],
  "getByPlaceholderText": [Function],
  "getByRole": [Function],
  "getByTestId": [Function],
  "getByText": [Function],
  "getByTitle": [Function],
  "queryAllByAltText": [Function],
  "queryAllByDisplayValue": [Function],
  "queryAllByLabelText": [Function],
  "queryAllByPlaceholderText": [Function],
  "queryAllByRole": [Function],
  "queryAllByTestId": [Function],
  "queryAllByText": [Function],
  "queryAllByTitle": [Function],
  "queryByAltText": [Function],
  "queryByDisplayValue": [Function],
  "queryByLabelText": [Function],
  "queryByPlaceholderText": [Function],
  "queryByRole": [Function],
  "queryByTestId": [Function],
  "queryByText": [Function],
  "queryByTitle": [Function],
  "rerender": [Function],
  "unmount": [Function],
}
`;
